[tool:pytest]
testpaths = tests
python_files = test_*.py
python_classes = Test*
python_functions = test_*
addopts = 
    -v
    --tb=short
    --strict-markers
    --disable-warnings
    --color=yes
    --durations=10
markers =
    unit: Unit tests
    integration: Integration tests
    slow: Slow running tests
    network: Tests requiring network access
filterwarnings =
    ignore::DeprecationWarning
    ignore::PendingDeprecationWarning